(node:16452) Warning: SECURITY WARNING: The SSL modes 'prefer', 'require', and 'verify-ca' are treated as aliases for 'verify-full'.
In the next major version (pg-connection-string v3.0.0 and pg v9.0.0), these modes will adopt standard libpq semantics, which have weaker security guarantees.

To prepare for this change:
- If you want the current behavior, explicitly use 'sslmode=verify-full'
- If you want libpq compatibility now, use 'uselibpqcompat=true&sslmode=require'

See https://www.postgresql.org/docs/current/libpq-ssl.html for libpq SSL mode definitions.
(Use `node --trace-warnings ...` to show where the warning was created)
Browserslist: browsers data (caniuse-lite) is 7 months old. Please run:
  npx update-browserslist-db@latest
  Why you should do it regularly: https://github.com/browserslist/update-db#readme
Internal Server Error: Error: Connection terminated due to connection timeout
    at D:\School-Nexus\node_modules\pg-pool\index.js:45:11
    at process.processTicksAndRejections (node:internal/process/task_queues:105:5)
    at async PGStore._asyncQuery (D:\School-Nexus\node_modules\connect-pg-simple\index.js:322:21) {
  [cause]: Error: Connection terminated unexpectedly
      at Connection.<anonymous> (D:\School-Nexus\node_modules\pg\lib\client.js:180:73)
      at Object.onceWrapper (node:events:632:28)
      at Connection.emit (node:events:518:28)
      at Socket.<anonymous> (D:\School-Nexus\node_modules\pg\lib\connection.js:61:12)
      at Socket.emit (node:events:530:35)
      at TCP.<anonymous> (node:net:351:12)
}
Internal Server Error: Error: Connection terminated due to connection timeout
    at D:\School-Nexus\node_modules\pg-pool\index.js:45:11
    at process.processTicksAndRejections (node:internal/process/task_queues:105:5)
    at async PGStore._asyncQuery (D:\School-Nexus\node_modules\connect-pg-simple\index.js:322:21) {
  [cause]: Error: Connection terminated unexpectedly
      at Connection.<anonymous> (D:\School-Nexus\node_modules\pg\lib\client.js:180:73)
      at Object.onceWrapper (node:events:632:28)
      at Connection.emit (node:events:518:28)
      at Socket.<anonymous> (D:\School-Nexus\node_modules\pg\lib\connection.js:61:12)
      at Socket.emit (node:events:530:35)
      at TCP.<anonymous> (node:net:351:12)
}
[2m12:17:27 AM[22m [33m[1m[vite][22m[39m [33m[2m(client)[22m[39m [33mwarning: [33mDuplicate key "createdAt" in object literal[33m
672 |      onDelete: "set null",
673 |    }),
674 |    createdAt: text("created_at").notNull(),
    |    ^
675 |    createdBy: integer("created_by").references(() => users.id, {
676 |      onDelete: "set null",
[39m
  Plugin: [35mvite:esbuild[39m
  File: [36mD:/School-Nexus/shared/schema.ts[39m
[2m12:41:20 AM[22m [33m[1m[vite][22m[39m [33m[2m(client)[22m[39m [33mwarning: [33mDuplicate key "createdAt" in object literal[33m
672 |      onDelete: "set null",
673 |    }),
674 |    createdAt: text("created_at").notNull(),
    |    ^
675 |    createdBy: integer("created_by").references(() => users.id, {
676 |      onDelete: "set null",
[39m
  Plugin: [35mvite:esbuild[39m
  File: [36mD:/School-Nexus/shared/schema.ts[39m
[2m1:41:25 AM[22m [33m[1m[vite][22m[39m [33m[2m(client)[22m[39m [33mwarning: [33mDuplicate key "createdAt" in object literal[33m
672 |      onDelete: "set null",
673 |    }),
674 |    createdAt: text("created_at").notNull(),
    |    ^
675 |    createdBy: integer("created_by").references(() => users.id, {
676 |      onDelete: "set null",
[39m
  Plugin: [35mvite:esbuild[39m
  File: [36mD:/School-Nexus/shared/schema.ts[39m
